ERROR - 2025-11-04 10:11:34 --> Error connecting to the database: mysqli_sql_exception: Access denied for user 'e22308557sql'@'localhost' (using password: YES) in /home/2025DIFAL3/e22308557/public_html/V1/ci/system/Database/MySQLi/Connection.php:186
Stack trace:
#0 /home/2025DIFAL3/e22308557/public_html/V1/ci/system/Database/MySQLi/Connection.php(186): mysqli->real_connect()
#1 /home/2025DIFAL3/e22308557/public_html/V1/ci/system/Database/BaseConnection.php(421): CodeIgniter\Database\MySQLi\Connection->connect()
#2 /home/2025DIFAL3/e22308557/public_html/V1/ci/system/Database/BaseConnection.php(616): CodeIgniter\Database\BaseConnection->initialize()
#3 /home/2025DIFAL3/e22308557/public_html/V1/ci/app/Models/Db_model.php(15): CodeIgniter\Database\BaseConnection->query()
#4 /home/2025DIFAL3/e22308557/public_html/V1/ci/app/Controllers/Compte.php(15): App\Models\Db_model->get_all_compte()
#5 /home/2025DIFAL3/e22308557/public_html/V1/ci/system/CodeIgniter.php(933): App\Controllers\Compte->lister()
#6 /home/2025DIFAL3/e22308557/public_html/V1/ci/system/CodeIgniter.php(509): CodeIgniter\CodeIgniter->runController()
#7 /home/2025DIFAL3/e22308557/public_html/V1/ci/system/CodeIgniter.php(355): CodeIgniter\CodeIgniter->handleRequest()
#8 /home/2025DIFAL3/e22308557/public_html/V1/ci/system/Boot.php(325): CodeIgniter\CodeIgniter->run()
#9 /home/2025DIFAL3/e22308557/public_html/V1/ci/system/Boot.php(67): CodeIgniter\Boot::runCodeIgniter()
#10 /home/2025DIFAL3/e22308557/public_html/V1/ci/public/index.php(56): CodeIgniter\Boot::bootWeb()
#11 {main}

Next CodeIgniter\Database\Exceptions\DatabaseException: Access denied for user '****'@'localhost' (using password: YES) in /home/2025DIFAL3/e22308557/public_html/V1/ci/system/Database/MySQLi/Connection.php:231
Stack trace:
#0 /home/2025DIFAL3/e22308557/public_html/V1/ci/system/Database/BaseConnection.php(421): CodeIgniter\Database\MySQLi\Connection->connect()
#1 /home/2025DIFAL3/e22308557/public_html/V1/ci/system/Database/BaseConnection.php(616): CodeIgniter\Database\BaseConnection->initialize()
#2 /home/2025DIFAL3/e22308557/public_html/V1/ci/app/Models/Db_model.php(15): CodeIgniter\Database\BaseConnection->query()
#3 /home/2025DIFAL3/e22308557/public_html/V1/ci/app/Controllers/Compte.php(15): App\Models\Db_model->get_all_compte()
#4 /home/2025DIFAL3/e22308557/public_html/V1/ci/system/CodeIgniter.php(933): App\Controllers\Compte->lister()
#5 /home/2025DIFAL3/e22308557/public_html/V1/ci/system/CodeIgniter.php(509): CodeIgniter\CodeIgniter->runController()
#6 /home/2025DIFAL3/e22308557/public_html/V1/ci/system/CodeIgniter.php(355): CodeIgniter\CodeIgniter->handleRequest()
#7 /home/2025DIFAL3/e22308557/public_html/V1/ci/system/Boot.php(325): CodeIgniter\CodeIgniter->run()
#8 /home/2025DIFAL3/e22308557/public_html/V1/ci/system/Boot.php(67): CodeIgniter\Boot::runCodeIgniter()
#9 /home/2025DIFAL3/e22308557/public_html/V1/ci/public/index.php(56): CodeIgniter\Boot::bootWeb()
#10 {main}
CRITICAL - 2025-11-04 10:11:34 --> CodeIgniter\Database\Exceptions\DatabaseException: Unable to connect to the database.
Main connection [MySQLi]: Access denied for user '****'@'localhost' (using password: YES)
[Method: GET, Route: compte/lister]
in SYSTEMPATH/Database/BaseConnection.php on line 467.
 1 SYSTEMPATH/Database/BaseConnection.php(616): CodeIgniter\Database\BaseConnection->initialize()
 2 APPPATH/Models/Db_model.php(15): CodeIgniter\Database\BaseConnection->query()
 3 APPPATH/Controllers/Compte.php(15): App\Models\Db_model->get_all_compte()
 4 SYSTEMPATH/CodeIgniter.php(933): App\Controllers\Compte->lister()
 5 SYSTEMPATH/CodeIgniter.php(509): CodeIgniter\CodeIgniter->runController()
 6 SYSTEMPATH/CodeIgniter.php(355): CodeIgniter\CodeIgniter->handleRequest()
 7 SYSTEMPATH/Boot.php(325): CodeIgniter\CodeIgniter->run()
 8 SYSTEMPATH/Boot.php(67): CodeIgniter\Boot::runCodeIgniter()
 9 FCPATH/index.php(56): CodeIgniter\Boot::bootWeb()
ERROR - 2025-11-04 10:13:28 --> Error connecting to the database: mysqli_sql_exception: Access denied for user 'e22308557sql'@'localhost' (using password: YES) in /home/2025DIFAL3/e22308557/public_html/V1/ci/system/Database/MySQLi/Connection.php:186
Stack trace:
#0 /home/2025DIFAL3/e22308557/public_html/V1/ci/system/Database/MySQLi/Connection.php(186): mysqli->real_connect()
#1 /home/2025DIFAL3/e22308557/public_html/V1/ci/system/Database/BaseConnection.php(421): CodeIgniter\Database\MySQLi\Connection->connect()
#2 /home/2025DIFAL3/e22308557/public_html/V1/ci/system/Database/BaseConnection.php(616): CodeIgniter\Database\BaseConnection->initialize()
#3 /home/2025DIFAL3/e22308557/public_html/V1/ci/app/Models/Db_model.php(15): CodeIgniter\Database\BaseConnection->query()
#4 /home/2025DIFAL3/e22308557/public_html/V1/ci/app/Controllers/Compte.php(15): App\Models\Db_model->get_all_compte()
#5 /home/2025DIFAL3/e22308557/public_html/V1/ci/system/CodeIgniter.php(933): App\Controllers\Compte->lister()
#6 /home/2025DIFAL3/e22308557/public_html/V1/ci/system/CodeIgniter.php(509): CodeIgniter\CodeIgniter->runController()
#7 /home/2025DIFAL3/e22308557/public_html/V1/ci/system/CodeIgniter.php(355): CodeIgniter\CodeIgniter->handleRequest()
#8 /home/2025DIFAL3/e22308557/public_html/V1/ci/system/Boot.php(325): CodeIgniter\CodeIgniter->run()
#9 /home/2025DIFAL3/e22308557/public_html/V1/ci/system/Boot.php(67): CodeIgniter\Boot::runCodeIgniter()
#10 /home/2025DIFAL3/e22308557/public_html/V1/ci/public/index.php(56): CodeIgniter\Boot::bootWeb()
#11 {main}

Next CodeIgniter\Database\Exceptions\DatabaseException: Access denied for user '****'@'localhost' (using password: YES) in /home/2025DIFAL3/e22308557/public_html/V1/ci/system/Database/MySQLi/Connection.php:231
Stack trace:
#0 /home/2025DIFAL3/e22308557/public_html/V1/ci/system/Database/BaseConnection.php(421): CodeIgniter\Database\MySQLi\Connection->connect()
#1 /home/2025DIFAL3/e22308557/public_html/V1/ci/system/Database/BaseConnection.php(616): CodeIgniter\Database\BaseConnection->initialize()
#2 /home/2025DIFAL3/e22308557/public_html/V1/ci/app/Models/Db_model.php(15): CodeIgniter\Database\BaseConnection->query()
#3 /home/2025DIFAL3/e22308557/public_html/V1/ci/app/Controllers/Compte.php(15): App\Models\Db_model->get_all_compte()
#4 /home/2025DIFAL3/e22308557/public_html/V1/ci/system/CodeIgniter.php(933): App\Controllers\Compte->lister()
#5 /home/2025DIFAL3/e22308557/public_html/V1/ci/system/CodeIgniter.php(509): CodeIgniter\CodeIgniter->runController()
#6 /home/2025DIFAL3/e22308557/public_html/V1/ci/system/CodeIgniter.php(355): CodeIgniter\CodeIgniter->handleRequest()
#7 /home/2025DIFAL3/e22308557/public_html/V1/ci/system/Boot.php(325): CodeIgniter\CodeIgniter->run()
#8 /home/2025DIFAL3/e22308557/public_html/V1/ci/system/Boot.php(67): CodeIgniter\Boot::runCodeIgniter()
#9 /home/2025DIFAL3/e22308557/public_html/V1/ci/public/index.php(56): CodeIgniter\Boot::bootWeb()
#10 {main}
CRITICAL - 2025-11-04 10:13:28 --> CodeIgniter\Database\Exceptions\DatabaseException: Unable to connect to the database.
Main connection [MySQLi]: Access denied for user '****'@'localhost' (using password: YES)
[Method: GET, Route: compte/lister]
in SYSTEMPATH/Database/BaseConnection.php on line 467.
 1 SYSTEMPATH/Database/BaseConnection.php(616): CodeIgniter\Database\BaseConnection->initialize()
 2 APPPATH/Models/Db_model.php(15): CodeIgniter\Database\BaseConnection->query()
 3 APPPATH/Controllers/Compte.php(15): App\Models\Db_model->get_all_compte()
 4 SYSTEMPATH/CodeIgniter.php(933): App\Controllers\Compte->lister()
 5 SYSTEMPATH/CodeIgniter.php(509): CodeIgniter\CodeIgniter->runController()
 6 SYSTEMPATH/CodeIgniter.php(355): CodeIgniter\CodeIgniter->handleRequest()
 7 SYSTEMPATH/Boot.php(325): CodeIgniter\CodeIgniter->run()
 8 SYSTEMPATH/Boot.php(67): CodeIgniter\Boot::runCodeIgniter()
 9 FCPATH/index.php(56): CodeIgniter\Boot::bootWeb()
ERROR - 2025-11-04 10:14:39 --> Error connecting to the database: mysqli_sql_exception: Access denied for user 'e22308557sql'@'localhost' (using password: YES) in /home/2025DIFAL3/e22308557/public_html/V1/ci/system/Database/MySQLi/Connection.php:186
Stack trace:
#0 /home/2025DIFAL3/e22308557/public_html/V1/ci/system/Database/MySQLi/Connection.php(186): mysqli->real_connect()
#1 /home/2025DIFAL3/e22308557/public_html/V1/ci/system/Database/BaseConnection.php(421): CodeIgniter\Database\MySQLi\Connection->connect()
#2 /home/2025DIFAL3/e22308557/public_html/V1/ci/system/Database/BaseConnection.php(616): CodeIgniter\Database\BaseConnection->initialize()
#3 /home/2025DIFAL3/e22308557/public_html/V1/ci/app/Models/Db_model.php(15): CodeIgniter\Database\BaseConnection->query()
#4 /home/2025DIFAL3/e22308557/public_html/V1/ci/app/Controllers/Compte.php(15): App\Models\Db_model->get_all_compte()
#5 /home/2025DIFAL3/e22308557/public_html/V1/ci/system/CodeIgniter.php(933): App\Controllers\Compte->lister()
#6 /home/2025DIFAL3/e22308557/public_html/V1/ci/system/CodeIgniter.php(509): CodeIgniter\CodeIgniter->runController()
#7 /home/2025DIFAL3/e22308557/public_html/V1/ci/system/CodeIgniter.php(355): CodeIgniter\CodeIgniter->handleRequest()
#8 /home/2025DIFAL3/e22308557/public_html/V1/ci/system/Boot.php(325): CodeIgniter\CodeIgniter->run()
#9 /home/2025DIFAL3/e22308557/public_html/V1/ci/system/Boot.php(67): CodeIgniter\Boot::runCodeIgniter()
#10 /home/2025DIFAL3/e22308557/public_html/V1/ci/public/index.php(56): CodeIgniter\Boot::bootWeb()
#11 {main}

Next CodeIgniter\Database\Exceptions\DatabaseException: Access denied for user '****'@'localhost' (using password: YES) in /home/2025DIFAL3/e22308557/public_html/V1/ci/system/Database/MySQLi/Connection.php:231
Stack trace:
#0 /home/2025DIFAL3/e22308557/public_html/V1/ci/system/Database/BaseConnection.php(421): CodeIgniter\Database\MySQLi\Connection->connect()
#1 /home/2025DIFAL3/e22308557/public_html/V1/ci/system/Database/BaseConnection.php(616): CodeIgniter\Database\BaseConnection->initialize()
#2 /home/2025DIFAL3/e22308557/public_html/V1/ci/app/Models/Db_model.php(15): CodeIgniter\Database\BaseConnection->query()
#3 /home/2025DIFAL3/e22308557/public_html/V1/ci/app/Controllers/Compte.php(15): App\Models\Db_model->get_all_compte()
#4 /home/2025DIFAL3/e22308557/public_html/V1/ci/system/CodeIgniter.php(933): App\Controllers\Compte->lister()
#5 /home/2025DIFAL3/e22308557/public_html/V1/ci/system/CodeIgniter.php(509): CodeIgniter\CodeIgniter->runController()
#6 /home/2025DIFAL3/e22308557/public_html/V1/ci/system/CodeIgniter.php(355): CodeIgniter\CodeIgniter->handleRequest()
#7 /home/2025DIFAL3/e22308557/public_html/V1/ci/system/Boot.php(325): CodeIgniter\CodeIgniter->run()
#8 /home/2025DIFAL3/e22308557/public_html/V1/ci/system/Boot.php(67): CodeIgniter\Boot::runCodeIgniter()
#9 /home/2025DIFAL3/e22308557/public_html/V1/ci/public/index.php(56): CodeIgniter\Boot::bootWeb()
#10 {main}
CRITICAL - 2025-11-04 10:14:39 --> CodeIgniter\Database\Exceptions\DatabaseException: Unable to connect to the database.
Main connection [MySQLi]: Access denied for user '****'@'localhost' (using password: YES)
[Method: GET, Route: compte/lister]
in SYSTEMPATH/Database/BaseConnection.php on line 467.
 1 SYSTEMPATH/Database/BaseConnection.php(616): CodeIgniter\Database\BaseConnection->initialize()
 2 APPPATH/Models/Db_model.php(15): CodeIgniter\Database\BaseConnection->query()
 3 APPPATH/Controllers/Compte.php(15): App\Models\Db_model->get_all_compte()
 4 SYSTEMPATH/CodeIgniter.php(933): App\Controllers\Compte->lister()
 5 SYSTEMPATH/CodeIgniter.php(509): CodeIgniter\CodeIgniter->runController()
 6 SYSTEMPATH/CodeIgniter.php(355): CodeIgniter\CodeIgniter->handleRequest()
 7 SYSTEMPATH/Boot.php(325): CodeIgniter\CodeIgniter->run()
 8 SYSTEMPATH/Boot.php(67): CodeIgniter\Boot::runCodeIgniter()
 9 FCPATH/index.php(56): CodeIgniter\Boot::bootWeb()
ERROR - 2025-11-04 10:14:41 --> Error connecting to the database: mysqli_sql_exception: Access denied for user 'e22308557sql'@'localhost' (using password: YES) in /home/2025DIFAL3/e22308557/public_html/V1/ci/system/Database/MySQLi/Connection.php:186
Stack trace:
#0 /home/2025DIFAL3/e22308557/public_html/V1/ci/system/Database/MySQLi/Connection.php(186): mysqli->real_connect()
#1 /home/2025DIFAL3/e22308557/public_html/V1/ci/system/Database/BaseConnection.php(421): CodeIgniter\Database\MySQLi\Connection->connect()
#2 /home/2025DIFAL3/e22308557/public_html/V1/ci/system/Database/BaseConnection.php(616): CodeIgniter\Database\BaseConnection->initialize()
#3 /home/2025DIFAL3/e22308557/public_html/V1/ci/app/Models/Db_model.php(15): CodeIgniter\Database\BaseConnection->query()
#4 /home/2025DIFAL3/e22308557/public_html/V1/ci/app/Controllers/Compte.php(15): App\Models\Db_model->get_all_compte()
#5 /home/2025DIFAL3/e22308557/public_html/V1/ci/system/CodeIgniter.php(933): App\Controllers\Compte->lister()
#6 /home/2025DIFAL3/e22308557/public_html/V1/ci/system/CodeIgniter.php(509): CodeIgniter\CodeIgniter->runController()
#7 /home/2025DIFAL3/e22308557/public_html/V1/ci/system/CodeIgniter.php(355): CodeIgniter\CodeIgniter->handleRequest()
#8 /home/2025DIFAL3/e22308557/public_html/V1/ci/system/Boot.php(325): CodeIgniter\CodeIgniter->run()
#9 /home/2025DIFAL3/e22308557/public_html/V1/ci/system/Boot.php(67): CodeIgniter\Boot::runCodeIgniter()
#10 /home/2025DIFAL3/e22308557/public_html/V1/ci/public/index.php(56): CodeIgniter\Boot::bootWeb()
#11 {main}

Next CodeIgniter\Database\Exceptions\DatabaseException: Access denied for user '****'@'localhost' (using password: YES) in /home/2025DIFAL3/e22308557/public_html/V1/ci/system/Database/MySQLi/Connection.php:231
Stack trace:
#0 /home/2025DIFAL3/e22308557/public_html/V1/ci/system/Database/BaseConnection.php(421): CodeIgniter\Database\MySQLi\Connection->connect()
#1 /home/2025DIFAL3/e22308557/public_html/V1/ci/system/Database/BaseConnection.php(616): CodeIgniter\Database\BaseConnection->initialize()
#2 /home/2025DIFAL3/e22308557/public_html/V1/ci/app/Models/Db_model.php(15): CodeIgniter\Database\BaseConnection->query()
#3 /home/2025DIFAL3/e22308557/public_html/V1/ci/app/Controllers/Compte.php(15): App\Models\Db_model->get_all_compte()
#4 /home/2025DIFAL3/e22308557/public_html/V1/ci/system/CodeIgniter.php(933): App\Controllers\Compte->lister()
#5 /home/2025DIFAL3/e22308557/public_html/V1/ci/system/CodeIgniter.php(509): CodeIgniter\CodeIgniter->runController()
#6 /home/2025DIFAL3/e22308557/public_html/V1/ci/system/CodeIgniter.php(355): CodeIgniter\CodeIgniter->handleRequest()
#7 /home/2025DIFAL3/e22308557/public_html/V1/ci/system/Boot.php(325): CodeIgniter\CodeIgniter->run()
#8 /home/2025DIFAL3/e22308557/public_html/V1/ci/system/Boot.php(67): CodeIgniter\Boot::runCodeIgniter()
#9 /home/2025DIFAL3/e22308557/public_html/V1/ci/public/index.php(56): CodeIgniter\Boot::bootWeb()
#10 {main}
CRITICAL - 2025-11-04 10:14:41 --> CodeIgniter\Database\Exceptions\DatabaseException: Unable to connect to the database.
Main connection [MySQLi]: Access denied for user '****'@'localhost' (using password: YES)
[Method: GET, Route: compte/lister]
in SYSTEMPATH/Database/BaseConnection.php on line 467.
 1 SYSTEMPATH/Database/BaseConnection.php(616): CodeIgniter\Database\BaseConnection->initialize()
 2 APPPATH/Models/Db_model.php(15): CodeIgniter\Database\BaseConnection->query()
 3 APPPATH/Controllers/Compte.php(15): App\Models\Db_model->get_all_compte()
 4 SYSTEMPATH/CodeIgniter.php(933): App\Controllers\Compte->lister()
 5 SYSTEMPATH/CodeIgniter.php(509): CodeIgniter\CodeIgniter->runController()
 6 SYSTEMPATH/CodeIgniter.php(355): CodeIgniter\CodeIgniter->handleRequest()
 7 SYSTEMPATH/Boot.php(325): CodeIgniter\CodeIgniter->run()
 8 SYSTEMPATH/Boot.php(67): CodeIgniter\Boot::runCodeIgniter()
 9 FCPATH/index.php(56): CodeIgniter\Boot::bootWeb()
CRITICAL - 2025-11-04 10:59:07 --> ArgumentCountError: Too few arguments to function App\Models\Db_model::get_actualite(), 0 passed in /home/2025DIFAL3/e22308557/public_html/V1/ci/app/Controllers/Actualite.php on line 15 and exactly 1 expected
[Method: GET, Route: actualite/donner/1]
in APPPATH/Models/Db_model.php on line 18.
 1 APPPATH/Controllers/Actualite.php(15): App\Models\Db_model->get_actualite()
 2 SYSTEMPATH/CodeIgniter.php(933): App\Controllers\Actualite->donner()
 3 SYSTEMPATH/CodeIgniter.php(509): CodeIgniter\CodeIgniter->runController()
 4 SYSTEMPATH/CodeIgniter.php(355): CodeIgniter\CodeIgniter->handleRequest()
 5 SYSTEMPATH/Boot.php(325): CodeIgniter\CodeIgniter->run()
 6 SYSTEMPATH/Boot.php(67): CodeIgniter\Boot::runCodeIgniter()
 7 FCPATH/index.php(56): CodeIgniter\Boot::bootWeb()
