ERROR - 2025-11-08 00:29:45 --> mysqli_sql_exception: Unknown column '12XH4F8Z6328FG740RG7' in 'WHERE' in /home/2025DIFAL3/e22308557/public_html/V1/ci/system/Database/MySQLi/Connection.php:312
Stack trace:
#0 /home/2025DIFAL3/e22308557/public_html/V1/ci/system/Database/MySQLi/Connection.php(312): mysqli->query()
#1 /home/2025DIFAL3/e22308557/public_html/V1/ci/system/Database/BaseConnection.php(734): CodeIgniter\Database\MySQLi\Connection->execute()
#2 /home/2025DIFAL3/e22308557/public_html/V1/ci/system/Database/BaseConnection.php(648): CodeIgniter\Database\BaseConnection->simpleQuery()
#3 /home/2025DIFAL3/e22308557/public_html/V1/ci/app/Models/Db_model.php(41): CodeIgniter\Database\BaseConnection->query()
#4 /home/2025DIFAL3/e22308557/public_html/V1/ci/app/Controllers/Demande.php(21): App\Models\Db_model->get_demande()
#5 /home/2025DIFAL3/e22308557/public_html/V1/ci/system/CodeIgniter.php(933): App\Controllers\Demande->afficher()
#6 /home/2025DIFAL3/e22308557/public_html/V1/ci/system/CodeIgniter.php(509): CodeIgniter\CodeIgniter->runController()
#7 /home/2025DIFAL3/e22308557/public_html/V1/ci/system/CodeIgniter.php(355): CodeIgniter\CodeIgniter->handleRequest()
#8 /home/2025DIFAL3/e22308557/public_html/V1/ci/system/Boot.php(325): CodeIgniter\CodeIgniter->run()
#9 /home/2025DIFAL3/e22308557/public_html/V1/ci/system/Boot.php(67): CodeIgniter\Boot::runCodeIgniter()
#10 /home/2025DIFAL3/e22308557/public_html/V1/ci/public/index.php(56): CodeIgniter\Boot::bootWeb()
#11 {main}
CRITICAL - 2025-11-08 00:29:45 --> CodeIgniter\Database\Exceptions\DatabaseException: Unknown column '12XH4F8Z6328FG740RG7' in 'WHERE'
[Method: GET, Route: demande/afficher/12XH4F8Z6328FG740RG7]
in SYSTEMPATH/Database/BaseConnection.php on line 688.
 1 APPPATH/Models/Db_model.php(41): CodeIgniter\Database\BaseConnection->query()
 2 APPPATH/Controllers/Demande.php(21): App\Models\Db_model->get_demande()
 3 SYSTEMPATH/CodeIgniter.php(933): App\Controllers\Demande->afficher()
 4 SYSTEMPATH/CodeIgniter.php(509): CodeIgniter\CodeIgniter->runController()
 5 SYSTEMPATH/CodeIgniter.php(355): CodeIgniter\CodeIgniter->handleRequest()
 6 SYSTEMPATH/Boot.php(325): CodeIgniter\CodeIgniter->run()
 7 SYSTEMPATH/Boot.php(67): CodeIgniter\Boot::runCodeIgniter()
 8 FCPATH/index.php(56): CodeIgniter\Boot::bootWeb()
CRITICAL - 2025-11-08 00:29:45 --> [Caused by] CodeIgniter\Database\Exceptions\DatabaseException: Unknown column '12XH4F8Z6328FG740RG7' in 'WHERE'
in SYSTEMPATH/Database/MySQLi/Connection.php on line 317.
 1 SYSTEMPATH/Database/BaseConnection.php(734): CodeIgniter\Database\MySQLi\Connection->execute()
 2 SYSTEMPATH/Database/BaseConnection.php(648): CodeIgniter\Database\BaseConnection->simpleQuery()
 3 APPPATH/Models/Db_model.php(41): CodeIgniter\Database\BaseConnection->query()
 4 APPPATH/Controllers/Demande.php(21): App\Models\Db_model->get_demande()
 5 SYSTEMPATH/CodeIgniter.php(933): App\Controllers\Demande->afficher()
 6 SYSTEMPATH/CodeIgniter.php(509): CodeIgniter\CodeIgniter->runController()
 7 SYSTEMPATH/CodeIgniter.php(355): CodeIgniter\CodeIgniter->handleRequest()
 8 SYSTEMPATH/Boot.php(325): CodeIgniter\CodeIgniter->run()
 9 SYSTEMPATH/Boot.php(67): CodeIgniter\Boot::runCodeIgniter()
10 FCPATH/index.php(56): CodeIgniter\Boot::bootWeb()
CRITICAL - 2025-11-08 00:29:45 --> [Caused by] mysqli_sql_exception: Unknown column '12XH4F8Z6328FG740RG7' in 'WHERE'
in SYSTEMPATH/Database/MySQLi/Connection.php on line 312.
 1 SYSTEMPATH/Database/MySQLi/Connection.php(312): mysqli->query()
 2 SYSTEMPATH/Database/BaseConnection.php(734): CodeIgniter\Database\MySQLi\Connection->execute()
 3 SYSTEMPATH/Database/BaseConnection.php(648): CodeIgniter\Database\BaseConnection->simpleQuery()
 4 APPPATH/Models/Db_model.php(41): CodeIgniter\Database\BaseConnection->query()
 5 APPPATH/Controllers/Demande.php(21): App\Models\Db_model->get_demande()
 6 SYSTEMPATH/CodeIgniter.php(933): App\Controllers\Demande->afficher()
 7 SYSTEMPATH/CodeIgniter.php(509): CodeIgniter\CodeIgniter->runController()
 8 SYSTEMPATH/CodeIgniter.php(355): CodeIgniter\CodeIgniter->handleRequest()
 9 SYSTEMPATH/Boot.php(325): CodeIgniter\CodeIgniter->run()
10 SYSTEMPATH/Boot.php(67): CodeIgniter\Boot::runCodeIgniter()
11 FCPATH/index.php(56): CodeIgniter\Boot::bootWeb()
CRITICAL - 2025-11-08 00:30:16 --> CodeIgniter\HTTP\Exceptions\BadRequestException: The URI you submitted has disallowed characters: ""12XH4F8Z6328FG740RG7""
[Method: GET, Route: demande/afficher/%2212XH4F8Z6328FG740RG7%22]
in SYSTEMPATH/Router/Router.php on line 737.
 1 SYSTEMPATH/Router/Router.php(204): CodeIgniter\Router\Router->checkDisallowedChars()
 2 SYSTEMPATH/CodeIgniter.php(834): CodeIgniter\Router\Router->handle()
 3 SYSTEMPATH/CodeIgniter.php(457): CodeIgniter\CodeIgniter->tryToRouteIt()
 4 SYSTEMPATH/CodeIgniter.php(355): CodeIgniter\CodeIgniter->handleRequest()
 5 SYSTEMPATH/Boot.php(325): CodeIgniter\CodeIgniter->run()
 6 SYSTEMPATH/Boot.php(67): CodeIgniter\Boot::runCodeIgniter()
 7 FCPATH/index.php(56): CodeIgniter\Boot::bootWeb()
ERROR - 2025-11-08 00:35:12 --> mysqli_sql_exception: Unknown column '12XH4F8Z6328FG740RG7' in 'WHERE' in /home/2025DIFAL3/e22308557/public_html/V1/ci/system/Database/MySQLi/Connection.php:312
Stack trace:
#0 /home/2025DIFAL3/e22308557/public_html/V1/ci/system/Database/MySQLi/Connection.php(312): mysqli->query()
#1 /home/2025DIFAL3/e22308557/public_html/V1/ci/system/Database/BaseConnection.php(734): CodeIgniter\Database\MySQLi\Connection->execute()
#2 /home/2025DIFAL3/e22308557/public_html/V1/ci/system/Database/BaseConnection.php(648): CodeIgniter\Database\BaseConnection->simpleQuery()
#3 /home/2025DIFAL3/e22308557/public_html/V1/ci/app/Models/Db_model.php(41): CodeIgniter\Database\BaseConnection->query()
#4 /home/2025DIFAL3/e22308557/public_html/V1/ci/app/Controllers/Demande.php(21): App\Models\Db_model->get_demande()
#5 /home/2025DIFAL3/e22308557/public_html/V1/ci/system/CodeIgniter.php(933): App\Controllers\Demande->afficher()
#6 /home/2025DIFAL3/e22308557/public_html/V1/ci/system/CodeIgniter.php(509): CodeIgniter\CodeIgniter->runController()
#7 /home/2025DIFAL3/e22308557/public_html/V1/ci/system/CodeIgniter.php(355): CodeIgniter\CodeIgniter->handleRequest()
#8 /home/2025DIFAL3/e22308557/public_html/V1/ci/system/Boot.php(325): CodeIgniter\CodeIgniter->run()
#9 /home/2025DIFAL3/e22308557/public_html/V1/ci/system/Boot.php(67): CodeIgniter\Boot::runCodeIgniter()
#10 /home/2025DIFAL3/e22308557/public_html/V1/ci/public/index.php(56): CodeIgniter\Boot::bootWeb()
#11 {main}
CRITICAL - 2025-11-08 00:35:12 --> CodeIgniter\Database\Exceptions\DatabaseException: Unknown column '12XH4F8Z6328FG740RG7' in 'WHERE'
[Method: GET, Route: demande/afficher/12XH4F8Z6328FG740RG7]
in SYSTEMPATH/Database/BaseConnection.php on line 688.
 1 APPPATH/Models/Db_model.php(41): CodeIgniter\Database\BaseConnection->query()
 2 APPPATH/Controllers/Demande.php(21): App\Models\Db_model->get_demande()
 3 SYSTEMPATH/CodeIgniter.php(933): App\Controllers\Demande->afficher()
 4 SYSTEMPATH/CodeIgniter.php(509): CodeIgniter\CodeIgniter->runController()
 5 SYSTEMPATH/CodeIgniter.php(355): CodeIgniter\CodeIgniter->handleRequest()
 6 SYSTEMPATH/Boot.php(325): CodeIgniter\CodeIgniter->run()
 7 SYSTEMPATH/Boot.php(67): CodeIgniter\Boot::runCodeIgniter()
 8 FCPATH/index.php(56): CodeIgniter\Boot::bootWeb()
CRITICAL - 2025-11-08 00:35:12 --> [Caused by] CodeIgniter\Database\Exceptions\DatabaseException: Unknown column '12XH4F8Z6328FG740RG7' in 'WHERE'
in SYSTEMPATH/Database/MySQLi/Connection.php on line 317.
 1 SYSTEMPATH/Database/BaseConnection.php(734): CodeIgniter\Database\MySQLi\Connection->execute()
 2 SYSTEMPATH/Database/BaseConnection.php(648): CodeIgniter\Database\BaseConnection->simpleQuery()
 3 APPPATH/Models/Db_model.php(41): CodeIgniter\Database\BaseConnection->query()
 4 APPPATH/Controllers/Demande.php(21): App\Models\Db_model->get_demande()
 5 SYSTEMPATH/CodeIgniter.php(933): App\Controllers\Demande->afficher()
 6 SYSTEMPATH/CodeIgniter.php(509): CodeIgniter\CodeIgniter->runController()
 7 SYSTEMPATH/CodeIgniter.php(355): CodeIgniter\CodeIgniter->handleRequest()
 8 SYSTEMPATH/Boot.php(325): CodeIgniter\CodeIgniter->run()
 9 SYSTEMPATH/Boot.php(67): CodeIgniter\Boot::runCodeIgniter()
10 FCPATH/index.php(56): CodeIgniter\Boot::bootWeb()
CRITICAL - 2025-11-08 00:35:12 --> [Caused by] mysqli_sql_exception: Unknown column '12XH4F8Z6328FG740RG7' in 'WHERE'
in SYSTEMPATH/Database/MySQLi/Connection.php on line 312.
 1 SYSTEMPATH/Database/MySQLi/Connection.php(312): mysqli->query()
 2 SYSTEMPATH/Database/BaseConnection.php(734): CodeIgniter\Database\MySQLi\Connection->execute()
 3 SYSTEMPATH/Database/BaseConnection.php(648): CodeIgniter\Database\BaseConnection->simpleQuery()
 4 APPPATH/Models/Db_model.php(41): CodeIgniter\Database\BaseConnection->query()
 5 APPPATH/Controllers/Demande.php(21): App\Models\Db_model->get_demande()
 6 SYSTEMPATH/CodeIgniter.php(933): App\Controllers\Demande->afficher()
 7 SYSTEMPATH/CodeIgniter.php(509): CodeIgniter\CodeIgniter->runController()
 8 SYSTEMPATH/CodeIgniter.php(355): CodeIgniter\CodeIgniter->handleRequest()
 9 SYSTEMPATH/Boot.php(325): CodeIgniter\CodeIgniter->run()
10 SYSTEMPATH/Boot.php(67): CodeIgniter\Boot::runCodeIgniter()
11 FCPATH/index.php(56): CodeIgniter\Boot::bootWeb()
